<html>
<head>
<title> kali Info system  </title>
</head>
<body> 
<h1> kali Info system  </h1>
<p> mise à jour  sur kali </p>
<p>Fonction sur information utilisateur:
kali</p>
<p>Fonction information sur le disk:
Sys. de fichiers Taille Utilisé Dispo Uti% Monté sur
udev               1,1G       0  1,1G   0% /dev
tmpfs              235M   1012K  234M   1% /run
/dev/sda1           24G     17G  5,3G  76% /
tmpfs              1,2G    4,0K  1,2G   1% /dev/shm
tmpfs              5,0M       0  5,0M   0% /run/lock
tmpfs              1,0M       0  1,0M   0% /run/credentials/systemd-journald.service
tmpfs              1,2G    404K  1,2G   1% /tmp
tmpfs              1,0M       0  1,0M   0% /run/credentials/getty@tty1.service
tmpfs              235M    116K  235M   1% /run/user/1000</p>
<p> Fonction sur information sur les variables d'environnement:
/home/kali/moussouris-kone</p>
<p> Fonction consernant le temps:
 10:40:03 up  1:31,  2 users,  load average: 0,32, 0,39, 0,22</p>
<p> Fonction sur les systèmes:
Linux Kali-linux 6.12.13-amd64 #1 SMP PREEMPT_DYNAMIC Kali 6.12.13-1kali1 (2025-02-11) x86_64 GNU/Linux
               total       utilisé      libre     partagé tamp/cache   disponible
Mem:            2348        1204         227          37        1109        1144
Échange:        1358           0        1358</p>
</body>
</html>
